====== TestNG & Selenium Logs Started ======

===============================================
Default Suite
Total tests run: 1, Passes: 1, Failures: 0, Skips: 0
===============================================

